[1;32m# [0m[1;32mContainer Chart[0m
  [1;32mGolden Fixture[0m

This fixture
concentrates on
chart rendering
inside Markdown
containers. It is
used as an ANSI,
HTML, and deck
golden input because
container prefixes
are a common source
of width, margin,
and wrapping
regressions.

[1;32m# [0m[1;32mBlockquote Charts[0m

[90m>[0m Before the
[90m>[0m horizontal chart.
[90m>[0m
[90m>[0m  [1;32mE[0m[90m │ [0m[1;32m█[0m [1;32m53[0m[1;32m 60.2%[0m
[90m>[0m  [1;34mH[0m[90m │ [0m[1;34m█[0m [1;34m11[0m[1;34m 12.5%[0m
[90m>[0m  [1;35mR[0m[90m │ [0m[1;35m█[0m [1;35m24[0m[1;35m 27.3%[0m

[90m>[0m Before the
[90m>[0m vertical chart.
[90m>[0m
[90m>[0m    9[90m ┤ [0m         [33m█[0m[33m█[0m 
[90m>[0m     [90m │ [0m   [1;34m█[0m[1;34m█[0m    [33m█[0m[33m█[0m 
[90m>[0m     [90m │ [0m   [1;34m█[0m[1;34m█[0m    [33m█[0m[33m█[0m 
[90m>[0m 4.50[90m ┤ [0m[1;32m█[0m[1;32m█[0m [1;34m█[0m[1;34m█[0m    [33m█[0m[33m█[0m 
[90m>[0m     [90m │ [0m[1;32m█[0m[1;32m█[0m [1;34m█[0m[1;34m█[0m [1;35m█[0m[1;35m█[0m [33m█[0m[33m█[0m 
[90m>[0m     [90m │ [0m[1;32m█[0m[1;32m█[0m [1;34m█[0m[1;34m█[0m [1;35m█[0m[1;35m█[0m [33m█[0m[33m█[0m 
[90m>[0m    0[90m [0m[90m└[0m[90m─[0m[90m─[0m[90m─[0m[90m─[0m[90m─[0m[90m─[0m[90m─[0m[90m─[0m[90m─[0m[90m─[0m[90m─[0m[90m─[0m[90m─[0m
[90m>[0m        MonTueWedThu

[1;32m# [0m[1;32mList Charts[0m

[36m-[0m Horizontal chart
  in a list:

   [1;32mB[0m[90m │ [0m[1;32m█[0m [1;32m40[0m[1;32m 53.3%[0m
   [1;34mT[0m[90m │ [0m[1;34m█[0m [1;34m25[0m[1;34m 33.3%[0m
   [1;35mS[0m[90m │ [0m[1;35m█[0m [1;35m10[0m[1;35m 13.3%[0m

[36m-[0m Tile chart in a
  list:

  [1;32m[42m█[0m[1;32m[42m█[0m[1;32m[42m█[0m[1;32m[42m█[0m[1;32m[42m█[0m[30;44mRenderer[0m[1;34m[44m█[0m[30;45mCLI[0m[1;35m[45m█[0m[33m[43m█[0m[33m[43m█[0m
  [30;42m26.0%[0m[1;34m[44m█[0m[1;34m[44m█[0m[30;44m42.5%[0m[1;34m[44m█[0m[1;34m[44m█[0m[1;35m[45m█[0m[1;35m[45m█[0m[1;35m[45m█[0m[1;35m[45m█[0m[33m[43m█[0m[33m[43m█[0m
  
   [1;32m■[0m [1;32mParser[0m [1;32m19[0m[1m[36m +3[0m

[1;32m# [0m[1;32mAdjacent And Lazy[0m
  [1;32mContainers[0m

[90m>[0m text immediately
[90m>[0m before chart
[90m>[0m  [1;32mA[0m[90m │ [0m[1;32m█[0m [1;32m1[0m[1;32m 33.3%[0m
[90m>[0m  [1;34mB[0m[90m │ [0m[1;34m█[0m [1;34m2[0m[1;34m 66.7%[0m

[36m-[0m list text
  immediately before
  chart
   2[90m ┤ [0m      [1;34m█[0m[1;34m█[0m[1;34m█[0m 
    [90m │ [0m      [1;34m█[0m[1;34m█[0m[1;34m█[0m 
    [90m │ [0m      [1;34m█[0m[1;34m█[0m[1;34m█[0m 
   1[90m ┤ [0m [1;32m█[0m[1;32m█[0m[1;32m█[0m  [1;34m█[0m[1;34m█[0m[1;34m█[0m 
    [90m │ [0m [1;32m█[0m[1;32m█[0m[1;32m█[0m  [1;34m█[0m[1;34m█[0m[1;34m█[0m 
    [90m │ [0m [1;32m█[0m[1;32m█[0m[1;32m█[0m  [1;34m█[0m[1;34m█[0m[1;34m█[0m 
   0[90m [0m[90m└[0m[90m─[0m[90m─[0m[90m─[0m[90m─[0m[90m─[0m[90m─[0m[90m─[0m[90m─[0m[90m─[0m[90m─[0m[90m─[0m
         A    B


The paragraphs
around these charts
should remain
separate and should
not absorb container
prefixes or chart
rows.

[1;32m# [0m[1;32mMixed Table And[0m
  [1;32mLinks[0m

[90m┌─────┬───┬────────┐[0m
[90m│ [0m[1m[36mCon[0m[90m │ [0m[1m[36mC[0m[90m │ [0m[1m[36mRisk  [0m[90m │[0m
[90m│ [0m[1m[36mtai[0m[90m │ [0m[1m[36mh[0m[90m │ [0m[1m[36m      [0m[90m │[0m
[90m│ [0m[1m[36mner[0m[90m │ [0m[1m[36ma[0m[90m │ [0m[1m[36m      [0m[90m │[0m
[90m│ [0m[1m[36m   [0m[90m │ [0m[1m[36mr[0m[90m │ [0m[1m[36m      [0m[90m │[0m
[90m│ [0m[1m[36m   [0m[90m │ [0m[1m[36mt[0m[90m │ [0m[1m[36m      [0m[90m │[0m
[90m├─────┼───┼────────┤[0m
[90m│ [0mblo[90m │ [0mh[90m │ [0mprefix[90m │[0m
[90m│ [0mckq[90m │ [0mo[90m │ [0maccumu[90m │[0m
[90m│ [0muot[90m │ [0mr[90m │ [0mlation[90m │[0m
[90m│ [0me  [90m │ [0mi[90m │ [0m      [90m │[0m
[90m│ [0m   [90m │ [0mz[90m │ [0m      [90m │[0m
[90m│ [0m   [90m │ [0mo[90m │ [0m      [90m │[0m
[90m│ [0m   [90m │ [0mn[90m │ [0m      [90m │[0m
[90m│ [0m   [90m │ [0mt[90m │ [0m      [90m │[0m
[90m│ [0m   [90m │ [0ma[90m │ [0m      [90m │[0m
[90m│ [0m   [90m │ [0ml[90m │ [0m      [90m │[0m
[90m│ [0muno[90m │ [0mt[90m │ [0mindent[90m │[0m
[90m│ [0mrde[90m │ [0mi[90m │ [0mation [90m │[0m
[90m│ [0mred[90m │ [0ml[90m │ [0mdrift [90m │[0m
[90m│ [0mlis[90m │ [0me[90m │ [0m      [90m │[0m
[90m│ [0mt  [90m │ [0m [90m │ [0m      [90m │[0m
[90m│ [0mlaz[90m │ [0mb[90m │ [0mbounda[90m │[0m
[90m│ [0my  [90m │ [0ma[90m │ [0mry    [90m │[0m
[90m│ [0mquo[90m │ [0mr[90m │ [0mdetect[90m │[0m
[90m│ [0mte [90m │ [0m [90m │ [0mion   [90m │[0m
[90m└─────┴───┴────────┘[0m

[4m[1;34mContainer link[0m
(https://example.com
/container-chart)
and bare https://example.com/
container-chart/
autolink should both
remain safe in HTML
and deck output.
