# Mixed Layout
  Golden Fixture

This fixture is
intentionally
compact but broad.
It exercises
headings, paragraph
wrapping, inline
emphasis, strong
text, inline code,
links, autolinks
like https:
//example.com/
mixed, tables,
charts, quotes,
lists, code, and
deck slide
boundaries.

# Inline And
  Containers

> Quoted prose
> should preserve
> quote styling
> while wrapping
> under configured
> widths and
> margins.
>
> - Quoted list
>   item with
>   strong text.
> - Quoted list
>   item with a
>   link
>   
>   (https://exampl
>   e.com/quoted-li
>   st).

- Top-level list
  item with enough
  text to wrap in
  narrow ANSI
  output.
- Nested material:
  - Nested item
    with
    inline code.
  - Nested item
    with emphasis
    and strong
    text.

1. Ordered item
   alpha.
2. Ordered item
   beta with a
   descriptive link
   to the project
   
   (https://pkt.sys
   tems/c/libmdf).

# Table And Code

┌───┬───┬─────────┐
│ A │ S │ Notes   │
│ r │ t │         │
│ e │ a │         │
│ a │ t │         │
│   │ u │         │
│   │ s │         │
├───┼───┼─────────┤
│ P │ g │ Keeps   │
│ a │ r │ token   │
│ r │ e │ order   │
│ s │ e │ stable. │
│ e │ n │         │
│ r │   │         │
│ A │ g │ Margins │
│ N │ r │ are     │
│ S │ e │ absolut │
│ I │ e │ e and   │
│   │ n │ style   │
│   │   │ escapes │
│   │   │ must    │
│   │   │ stay    │
│   │   │ inside  │
│   │   │ them.   │
│ H │ g │ Escapes │
│ T │ r │ text    │
│ M │ e │ and     │
│ L │ e │ emits   │
│   │ n │ semanti │
│   │   │ c       │
│   │   │ wrapper │
│   │   │ s.      │
│ D │ w │ Slide   │
│ e │ a │ wrapper │
│ c │ t │ s must  │
│ k │ c │ not     │
│   │ h │ perturb │
│   │   │ body    │
│   │   │ HTML.   │
└───┴───┴─────────┘

static int boundar…
const char *s)
{
    return s != NU…
0] == '-' && s[1]
 == '-' && s[2]
 == '-';
}

The literal
thematic break
marker in the code
fence must not
split a deck slide.

# Horizontal Chart

  V │ █ 34 41.0%
  I │ █ 29 34.9%
  D │ █ 12 14.5%
  R │ █ 8 9.6%

# Vertical Chart

 18 ┤          ██ 
    │          ██ 
    │    ██    ██ 
  9 ┤    ██ ██ ██ 
    │ ██ ██ ██ ██ 
    │ ██ ██ ██ ██ 
  0 └─────────────
      Q1 Q2 Q3 Q4

# Tile Chart

TestsHTML████CLI███
26.7%23.3%█████████

   ■ Tests 24 +4
