# Indented Backtick Labels

Four-space-indented horizontal chart rows that begin with backticks are data,
not closing fences.

                ```             │ ██████████████████████ 2 66.7%
                After Backticks │ ███████████            1 33.3%

Four-space-indented vertical chart rows that begin with backticks are data, not
closing fences.

               2 ┤         ██████                                
                 │         ██████                                
                 │         ██████                                
                 │         ██████                                
                 │         ██████                                
                 │         ██████                                
               1 ┤         ██████                 ██████         
                 │         ██████                 ██████         
                 │         ██████                 ██████         
                 │         ██████                 ██████         
                 │         ██████                 ██████         
                 │         ██████                 ██████         
               0 └───────────────────────────────────────────────
                             `                      s            

Four-space-indented tile chart rows that begin with backticks are data, not
closing fences.

    ██████████████████████```███████████████████████████After Backticks█████
    █████████████████████66.7%███████████████████████████████33.3%██████████

                          ■ ``` 2  ■ After Backticks 1
