# Scaling And Resolution

Very narrow horizontal content should still fit when rendered with a narrow
width.

                Exceptionally Lo │ ██████████████████ 1000 44.4%
                Exceptionally Lo │ ██████████████     750 33.3%
                Exceptionally Lo │ █████████          500 22.2%

Dense bars with many x values.

       100 ┤                                       █                     
           │                                   █ █ █ █ █                 
           │                                 █ █ █ █ █ █ █               
           │                               █ █ █ █ █ █ █ █ █             
           │                           █ █ █ █ █ █ █ █ █ █ █ █ █         
           │                         █ █ █ █ █ █ █ █ █ █ █ █ █ █ █       
           │                       █ █ █ █ █ █ █ █ █ █ █ █ █ █ █ █ █     
        50 ┤                   █ █ █ █ █ █ █ █ █ █ █ █ █ █ █ █ █ █ █ █ █ 
           │                 █ █ █ █ █ █ █ █ █ █ █ █ █ █ █ █ █ █ █ █ █ █ 
           │               █ █ █ █ █ █ █ █ █ █ █ █ █ █ █ █ █ █ █ █ █ █ █ 
           │           █ █ █ █ █ █ █ █ █ █ █ █ █ █ █ █ █ █ █ █ █ █ █ █ █ 
           │         █ █ █ █ █ █ █ █ █ █ █ █ █ █ █ █ █ █ █ █ █ █ █ █ █ █ 
           │       █ █ █ █ █ █ █ █ █ █ █ █ █ █ █ █ █ █ █ █ █ █ █ █ █ █ █ 
           │   █ █ █ █ █ █ █ █ █ █ █ █ █ █ █ █ █ █ █ █ █ █ █ █ █ █ █ █ █ 
           │ █ █ █ █ █ █ █ █ █ █ █ █ █ █ █ █ █ █ █ █ █ █ █ █ █ █ █ █ █ █ 
         0 └─────────────────────────────────────────────────────────────

Dense tile chart with many segments.

    █████████P09P10██P12████████P17P18█P19█P20█P21█P22█P23P24P25██P27██P29██
    ███████████████████████████████4.9%5.4%5.6%5.5%5.2%█████████████████████

    ■ P01 10  ■ P02 12  ■ P03 14  ■ P04 18  ■ P05 25  ■ P06 31  ■ P07 43 +23
