# Vertical Bars

Small vertical bar chart.

              9 ┤                                 █████             
                │                                 █████             
                │                                 █████             
                │             █████               █████             
                │             █████               █████     █████   
                │             █████               █████     █████   
           4.50 ┤             █████               █████     █████   
                │   █████     █████               █████     █████   
                │   █████     █████               █████     █████   
                │   █████     █████     █████     █████     █████   
                │   █████     █████     █████     █████     █████   
                │   █████     █████     █████     █████     █████   
                │   █████     █████     █████     █████     █████   
              0 └───────────────────────────────────────────────────
                      n         e         d         u         i     

Descending vertical sort.

             13 ┤   █████                                           
                │   █████                                           
                │   █████                                           
                │   █████                                           
                │   █████                                           
                │   █████     █████                                 
           6.50 ┤   █████     █████                                 
                │   █████     █████                                 
                │   █████     █████     █████                       
                │   █████     █████     █████                       
                │   █████     █████     █████                       
                │   █████     █████     █████     █████             
                │   █████     █████     █████     █████     █████   
              0 └───────────────────────────────────────────────────
                      D         B         C         A         E     

Ascending vertical sort.

             13 ┤                                           █████   
                │                                           █████   
                │                                           █████   
                │                                           █████   
                │                                           █████   
                │                                 █████     █████   
           6.50 ┤                                 █████     █████   
                │                                 █████     █████   
                │                       █████     █████     █████   
                │                       █████     █████     █████   
                │                       █████     █████     █████   
                │             █████     █████     █████     █████   
                │   █████     █████     █████     █████     █████   
              0 └───────────────────────────────────────────────────
                      E         A         C         B         D     

Dense vertical set that must reduce x-axis resolution on narrow widths.

               55 ┤                   ██                            
                  │                   ██                            
                  │                   ██                            
                  │                   ██                            
                  │                   ██                            
                  │                ██ ██ ██                         
            27.50 ┤                ██ ██ ██                         
                  │             ██ ██ ██ ██ ██                      
                  │             ██ ██ ██ ██ ██                      
                  │          ██ ██ ██ ██ ██ ██ ██                   
                  │       ██ ██ ██ ██ ██ ██ ██ ██ ██                
                  │ ██ ██ ██ ██ ██ ██ ██ ██ ██ ██ ██ ██ ██ ██ ██ ██ 
                0 └─────────────────────────────────────────────────
