# Container Adjacent Charts

Blockquote horizontal chart immediately after text.

> before h
>               A │ ██████████████████                   1 33.3%
>               B │ ████████████████████████████████████ 2 66.7%

Blockquote horizontal chart after blank quote line.

> before blank h
>
>               A │ ██████████████████                   1 33.3%
>               B │ ████████████████████████████████████ 2 66.7%

List horizontal chart immediately after text.

- before h
                A │ ██████████████████                   1 33.3%
                B │ ████████████████████████████████████ 2 66.7%


List horizontal chart after blank list line.

- before blank h

                A │ ██████████████████                   1 33.3%
                B │ ████████████████████████████████████ 2 66.7%

Blockquote vertical chart immediately after text.

> before v
>              2 ┤                                ██████         
>                │                                ██████         
>                │                                ██████         
>                │                                ██████         
>                │                                ██████         
>                │                                ██████         
>              1 ┤         ██████                 ██████         
>                │         ██████                 ██████         
>                │         ██████                 ██████         
>                │         ██████                 ██████         
>                │         ██████                 ██████         
>                │         ██████                 ██████         
>              0 └───────────────────────────────────────────────
>                            A                      B            

Blockquote vertical chart after blank quote line.

> before blank v
>
>              2 ┤                                ██████         
>                │                                ██████         
>                │                                ██████         
>                │                                ██████         
>                │                                ██████         
>                │                                ██████         
>              1 ┤         ██████                 ██████         
>                │         ██████                 ██████         
>                │         ██████                 ██████         
>                │         ██████                 ██████         
>                │         ██████                 ██████         
>                │         ██████                 ██████         
>              0 └───────────────────────────────────────────────
>                            A                      B            

List vertical chart immediately after text.

- before v
               2 ┤                                ██████         
                 │                                ██████         
                 │                                ██████         
                 │                                ██████         
                 │                                ██████         
                 │                                ██████         
               1 ┤         ██████                 ██████         
                 │         ██████                 ██████         
                 │         ██████                 ██████         
                 │         ██████                 ██████         
                 │         ██████                 ██████         
                 │         ██████                 ██████         
               0 └───────────────────────────────────────────────
                             A                      B            


List vertical chart after blank list line.

- before blank v

               2 ┤                                ██████         
                 │                                ██████         
                 │                                ██████         
                 │                                ██████         
                 │                                ██████         
                 │                                ██████         
               1 ┤         ██████                 ██████         
                 │         ██████                 ██████         
                 │         ██████                 ██████         
                 │         ██████                 ██████         
                 │         ██████                 ██████         
                 │         ██████                 ██████         
               0 └───────────────────────────────────────────────
                             A                      B            

Blockquote tile chart immediately after text.

> before t
>   ███████████A███████████████████████████████████B████████████████████████
>   █████████33.3%███████████████████████████████66.7%██████████████████████
> 
>                                 ■ A 1  ■ B 2

Blockquote tile chart after blank quote line.

> before blank t
>
>   ███████████A███████████████████████████████████B████████████████████████
>   █████████33.3%███████████████████████████████66.7%██████████████████████
> 
>                                 ■ A 1  ■ B 2

List tile chart immediately after text.

- before t
    ███████████A███████████████████████████████████B████████████████████████
    █████████33.3%███████████████████████████████66.7%██████████████████████
  
                                  ■ A 1  ■ B 2


List tile chart after blank list line.

- before blank t

    ███████████A███████████████████████████████████B████████████████████████
    █████████33.3%███████████████████████████████66.7%██████████████████████
  
                                  ■ A 1  ■ B 2
