# Sorted Bars

Default sorted bar chart, descending by value.

                Renderer  │ ███████████████████████████ 42 44.7%
                Parser    │ ████████████                18 19.1%
                Lua       │ ██████████                  15 16.0%
                CLI       │ ████████                    12 12.8%
                Packaging │ █████                       7 7.4%

Explicit descending horizontal alias.

                South   │ █████████████████████████████ 21 42.0%
                West    │ ██████████████████            13 26.0%
                East    │ ███████████                   8 16.0%
                Central │ ███████                       5 10.0%
                North   │ ████                          3 6.0%

Ascending horizontal alias.

                P5 │ ███                                8 3.6%
                P4 │ █████                              13 5.9%
                P3 │ ████████                           21 9.5%
                P2 │ █████████████                      34 15.5%
                P1 │ █████████████████████              55 25.0%
                P0 │ ██████████████████████████████████ 89 40.5%

Explicit ascending horizontal alias.

                One   │ ██████                           1 6.7%
                Two   │ █████████████                    2 13.3%
                Three │ ███████████████████              3 20.0%
                Four  │ ██████████████████████████       4 26.7%
                Five  │ ████████████████████████████████ 5 33.3%
